// Jest Snapshot v1, https://goo.gl/fbAQLP

exports[`Should render AppRouter correctly 1`] = `
<BrowserRouter>
  <div>
    <Switch>
      <Route
        component={[Function]}
        exact={true}
        path="/index.html"
      />
    </Switch>
    <MediaQuery
      key="media-query"
      minWidth={410}
      values={Object {}}
    />
  </div>
</BrowserRouter>
`;
