// Jest Snapshot v1, https://goo.gl/fbAQLP

exports[`Should render component correctly 1`] = `
<ul
  className="pokemon-list"
>
  <li
    className="pokemon-item"
    key="0"
    onClick={[Function]}
  >
    <Image
      className="pokemon-image"
      fallback="/static/pokemon/default/0.png"
      src="/static/pokemon/21.png"
    />
    <div
      className="pokemon-name"
    >
      spearow
    </div>
  </li>
</ul>
`;
